// Vitest Snapshot v1, https://vitest.dev/guide/snapshot.html

exports[`ProgressRing & Onboarding Profile Completeness (#1971) > matches ProgressRing snapshot 1`] = `
<DocumentFragment>
  <div
    class="relative inline-flex items-center justify-center shrink-0"
    style="width: 120px; height: 120px;"
  >
    <svg
      aria-hidden="true"
      class="absolute inset-0 h-full w-full -rotate-90 pointer-events-none"
      height="120"
      viewBox="0 0 120 120"
      width="120"
    >
      <circle
        class="stroke-neutral-200 dark:stroke-neutral-800"
        cx="60"
        cy="60"
        fill="none"
        r="54"
        stroke-width="6"
      />
      <circle
        class="transition-[stroke-dashoffset] duration-[1500ms] ease-in-out stroke-emerald-500 dark:stroke-emerald-400"
        cx="60"
        cy="60"
        fill="none"
        r="54"
        stroke-dasharray="339.29200658769764"
        stroke-dashoffset="169.64600329384882"
        stroke-linecap="round"
        stroke-width="6"
      />
    </svg>
    <div
      class="overflow-hidden rounded-full flex items-center justify-center"
      style="width: 102px; height: 102px;"
    >
      <div>
        Avatar
      </div>
    </div>
    <span
      class="absolute -bottom-1 right-0 rounded-full border-2 border-black px-1.5 py-0.5 font-mono text-[10px] font-bold text-black dark:border-cream dark:text-black bg-amber-300"
    >
      50%
    </span>
  </div>
</DocumentFragment>
`;
