
[1m[30m[46m RUN [49m[39m[22m [36mv4.1.10 [39m[90mc:/Users/lenovo/CampusConnect[39m

 [31m❯[39m src/store/globalState.test.ts [2m([22m[2m0 test[22m[2m)[22m

[2m Test Files [22m [1m[31m1 failed[39m[22m[90m (1)[39m
[2m      Tests [22m [2mno tests[22m
[2m   Start at [22m 08:14:26
[2m   Duration [22m 1.90s[2m (transform 100ms, setup 325ms, import 0ms, tests 0ms, environment 1.17s)[22m

